<html>
<body>
<pre>
<h1>µVision Build Log</h1>
<h2>Tool Versions:</h2>
IDE-Version: µVision V5.35.0.0
Copyright (C) 2021 ARM Ltd and ARM Germany GmbH. All rights reserved.
License Information: pyae soan, romrobotics, LIC=W96CK-ZW0BD-NTI3G-VC99X-DTA5R-DB3XN
 
Tool Versions:
Toolchain:       MDK-ARM Professional  Version: 5.35.0.2
Toolchain Path:  C:\Keil_v5\ARM\ARMCLANG\Bin
C Compiler:      ArmClang.exe V6.16
Assembler:       Armasm.exe V6.16
Linker/Locator:  ArmLink.exe V6.16
Library Manager: ArmAr.exe V6.16
Hex Converter:   FromElf.exe V6.16
CPU DLL:         SARMCM3.DLL V5.35.0.2
Dialog DLL:      DCM.DLL V1.17.3.0
Target DLL:      STLink\ST-LINKIII-KEIL_SWO.dll V3.0.9.0
Dialog DLL:      TCM.DLL V1.53.0.0
 
<h2>Project:</h2>
C:\Users\User\Desktop\Git\stm32f4\STM32F4DISCOVERY\Keil_HAL\13 spi interrupt\spi_interrupt.uvprojx
Project File Date:  12/26/2023

<h2>Output:</h2>
*** Using Compiler 'V6.16', folder: 'C:\Keil_v5\ARM\ARMCLANG\Bin'
Rebuild target 'Target 1'
C:/Users/User/AppData/Local/Arm/Packs/Keil/STM32F4xx_DFP/2.17.1/Drivers/STM32F4xx_HAL_Driver/Src/stm32f4xx_hal_pwr.c(379): warning: unused parameter 'Regulator' [-Wunused-parameter]
void HAL_PWR_EnterSLEEPMode(uint32_t Regulator, uint8_t SLEEPEntry)
                                     ^
1 warning generated.
compiling stm32f4xx_hal_pwr.c...
C:/Users/User/AppData/Local/Arm/Packs/Keil/STM32F4xx_DFP/2.17.1/Drivers/STM32F4xx_HAL_Driver/Src/stm32f4xx_hal_cortex.c(215): warning: function 'HAL_NVIC_SystemReset' could be declared with attribute 'noreturn' [-Wmissing-noreturn]
{
^
C:/Users/User/AppData/Local/Arm/Packs/Keil/STM32F4xx_DFP/2.17.1/Drivers/STM32F4xx_HAL_Driver/Src/stm32f4xx_hal_cortex.c(81): warning: In file included from...
C:/Users/User/AppData/Local/Arm/Packs/Keil/STM32F4xx_DFP/2.17.1/Drivers/STM32F4xx_HAL_Driver/Inc\stm32f4xx_hal.h(29): warning: In file included from...
./RTE/Device/STM32F407VGTx\stm32f4xx_hal_conf.h(401): warning: In file included from...
C:/Users/User/AppData/Local/Arm/Packs/Keil/STM32F4xx_DFP/2.17.1/Drivers/STM32F4xx_HAL_Driver/Inc\stm32f4xx_hal_cortex.h(52): warning: padding struct 'MPU_Region_InitTypeDef' with 2 bytes to align 'BaseAddress' [-Wpadded]
  uint32_t               BaseAddress;           /*!< Specifies the base address of the region to protect.                           */
                         ^
2 warnings generated.
compiling stm32f4xx_hal_cortex.c...
compiling stm32f4xx_hal_gpio.c...
compiling stm32f4xx_hal_pwr_ex.c...
main.c(1): warning: In file included from...
C:/Users/User/AppData/Local/Arm/Packs/Keil/STM32F4xx_DFP/2.17.1/Drivers/STM32F4xx_HAL_Driver/Inc\stm32f4xx_hal.h(29): warning: In file included from...
./RTE/Device/STM32F407VGTx\stm32f4xx_hal_conf.h(509): warning: In file included from...
C:/Users/User/AppData/Local/Arm/Packs/Keil/STM32F4xx_DFP/2.17.1/Drivers/STM32F4xx_HAL_Driver/Inc\stm32f4xx_hal_spi.h(134): warning: padding struct 'struct __SPI_HandleTypeDef' with 2 bytes to align 'ErrorCode' [-Wpadded]
  __IO uint32_t              ErrorCode;      /*!< SPI Error code                           */
                             ^
main.c(1): warning: In file included from...
C:/Users/User/AppData/Local/Arm/Packs/Keil/STM32F4xx_DFP/2.17.1/Drivers/STM32F4xx_HAL_Driver/Inc\stm32f4xx_hal.h(29): warning: In file included from...
./RTE/Device/STM32F407VGTx\stm32f4xx_hal_conf.h(397): warning: In file included from...
C:/Users/User/AppData/Local/Arm/Packs/Keil/STM32F4xx_DFP/2.17.1/Drivers/STM32F4xx_HAL_Driver/Inc\stm32f4xx_hal_dma.h(148): warning: padding struct 'struct __DMA_HandleTypeDef' with 2 bytes to align 'Parent' [-Wpadded]
  void                       *Parent;                                                          /*!< Parent object state                    */ 
                              ^
main.c(93): warning: no previous prototype for function 'EXTI0_IRQHandler' [-Wmissing-prototypes]
void EXTI0_IRQHandler(void)
     ^
main.c(93): note: declare 'static' if the function is not intended to be used outside of this translation unit
void EXTI0_IRQHandler(void)
^
static 
main.c(98): warning: no previous prototype for function 'SysTick_Handler' [-Wmissing-prototypes]
void SysTick_Handler(void)
     ^
main.c(98): note: declare 'static' if the function is not intended to be used outside of this translation unit
void SysTick_Handler(void)
^
static 
main.c(6): warning: no previous extern declaration for non-static variable 'my_spi' [-Wmissing-variable-declarations]
SPI_HandleTypeDef my_spi;
                  ^
main.c(6): note: declare 'static' if the variable is not intended to be used outside of this translation unit
SPI_HandleTypeDef my_spi;
^
main.c(8): warning: no previous extern declaration for non-static variable 'spi_tx_buf' [-Wmissing-variable-declarations]
uint8_t spi_tx_buf[2], spi_rx_buf[2];
        ^
main.c(8): note: declare 'static' if the variable is not intended to be used outside of this translation unit
uint8_t spi_tx_buf[2], spi_rx_buf[2];
^
main.c(8): warning: no previous extern declaration for non-static variable 'spi_rx_buf' [-Wmissing-variable-declarations]
uint8_t spi_tx_buf[2], spi_rx_buf[2];
                       ^
main.c(8): note: declare 'static' if the variable is not intended to be used outside of this translation unit
uint8_t spi_tx_buf[2], spi_rx_buf[2];
^
7 warnings generated.
compiling main.c...
compiling stm32f4xx_hal.c...
C:/Users/User/AppData/Local/Arm/Packs/Keil/STM32F4xx_DFP/2.17.1/Drivers/STM32F4xx_HAL_Driver/Src/stm32f4xx_hal_dma_ex.c(39): warning: In file included from...
C:/Users/User/AppData/Local/Arm/Packs/Keil/STM32F4xx_DFP/2.17.1/Drivers/STM32F4xx_HAL_Driver/Inc\stm32f4xx_hal.h(29): warning: In file included from...
./RTE/Device/STM32F407VGTx\stm32f4xx_hal_conf.h(397): warning: In file included from...
C:/Users/User/AppData/Local/Arm/Packs/Keil/STM32F4xx_DFP/2.17.1/Drivers/STM32F4xx_HAL_Driver/Inc\stm32f4xx_hal_dma.h(148): warning: padding struct 'struct __DMA_HandleTypeDef' with 2 bytes to align 'Parent' [-Wpadded]
  void                       *Parent;                                                          /*!< Parent object state                    */ 
                              ^
1 warning generated.
compiling stm32f4xx_hal_dma_ex.c...
C:/Users/User/AppData/Local/Arm/Packs/Keil/STM32F4xx_DFP/2.17.1/Drivers/STM32F4xx_HAL_Driver/Src/stm32f4xx_hal_dma.c(289): warning: cast from function call of type 'uint32_t' (aka 'unsigned int') to non-matching type 'DMA_Base_Registers *' [-Wbad-function-cast]
  regs = (DMA_Base_Registers *)DMA_CalcBaseAndBitshift(hdma);
                               ^~~~~~~~~~~~~~~~~~~~~~~~~~~~~
C:/Users/User/AppData/Local/Arm/Packs/Keil/STM32F4xx_DFP/2.17.1/Drivers/STM32F4xx_HAL_Driver/Src/stm32f4xx_hal_dma.c(97): warning: In file included from...
C:/Users/User/AppData/Local/Arm/Packs/Keil/STM32F4xx_DFP/2.17.1/Drivers/STM32F4xx_HAL_Driver/Inc\stm32f4xx_hal.h(29): warning: In file included from...
./RTE/Device/STM32F407VGTx\stm32f4xx_hal_conf.h(397): warning: In file included from...
C:/Users/User/AppData/Local/Arm/Packs/Keil/STM32F4xx_DFP/2.17.1/Drivers/STM32F4xx_HAL_Driver/Inc\stm32f4xx_hal_dma.h(148): warning: padding struct 'struct __DMA_HandleTypeDef' with 2 bytes to align 'Parent' [-Wpadded]
  void                       *Parent;                                                          /*!< Parent object state                    */ 
                              ^
C:/Users/User/AppData/Local/Arm/Packs/Keil/STM32F4xx_DFP/2.17.1/Drivers/STM32F4xx_HAL_Driver/Src/stm32f4xx_hal_dma.c(351): warning: cast from function call of type 'uint32_t' (aka 'unsigned int') to non-matching type 'DMA_Base_Registers *' [-Wbad-function-cast]
  regs = (DMA_Base_Registers *)DMA_CalcBaseAndBitshift(hdma);
                               ^~~~~~~~~~~~~~~~~~~~~~~~~~~~~
C:/Users/User/AppData/Local/Arm/Packs/Keil/STM32F4xx_DFP/2.17.1/Drivers/STM32F4xx_HAL_Driver/Src/stm32f4xx_hal_dma.c(977): warning: enumeration value 'HAL_DMA_XFER_ALL_CB_ID' not explicitly handled in switch [-Wswitch-enum]
    switch (CallbackID)
            ^
C:/Users/User/AppData/Local/Arm/Packs/Keil/STM32F4xx_DFP/2.17.1/Drivers/STM32F4xx_HAL_Driver/Src/stm32f4xx_hal_dma.c(1073): warning: default label in switch which covers all enumeration values [-Wcovered-switch-default]
    default:
    ^
5 warnings generated.
compiling stm32f4xx_hal_dma.c...
assembling startup_stm32f407xx.s...
compiling stm32f4xx_hal_rcc.c...
compiling stm32f4xx_hal_rcc_ex.c...
compiling system_stm32f4xx.c...
C:/Users/User/AppData/Local/Arm/Packs/Keil/STM32F4xx_DFP/2.17.1/Drivers/STM32F4xx_HAL_Driver/Src/stm32f4xx_hal_spi.c(200): warning: In file included from...
C:/Users/User/AppData/Local/Arm/Packs/Keil/STM32F4xx_DFP/2.17.1/Drivers/STM32F4xx_HAL_Driver/Inc\stm32f4xx_hal.h(29): warning: In file included from...
./RTE/Device/STM32F407VGTx\stm32f4xx_hal_conf.h(509): warning: In file included from...
C:/Users/User/AppData/Local/Arm/Packs/Keil/STM32F4xx_DFP/2.17.1/Drivers/STM32F4xx_HAL_Driver/Inc\stm32f4xx_hal_spi.h(134): warning: padding struct 'struct __SPI_HandleTypeDef' with 2 bytes to align 'ErrorCode' [-Wpadded]
  __IO uint32_t              ErrorCode;      /*!< SPI Error code                           */
                             ^
C:/Users/User/AppData/Local/Arm/Packs/Keil/STM32F4xx_DFP/2.17.1/Drivers/STM32F4xx_HAL_Driver/Src/stm32f4xx_hal_spi.c(200): warning: In file included from...
C:/Users/User/AppData/Local/Arm/Packs/Keil/STM32F4xx_DFP/2.17.1/Drivers/STM32F4xx_HAL_Driver/Inc\stm32f4xx_hal.h(29): warning: In file included from...
./RTE/Device/STM32F407VGTx\stm32f4xx_hal_conf.h(397): warning: In file included from...
C:/Users/User/AppData/Local/Arm/Packs/Keil/STM32F4xx_DFP/2.17.1/Drivers/STM32F4xx_HAL_Driver/Inc\stm32f4xx_hal_dma.h(148): warning: padding struct 'struct __DMA_HandleTypeDef' with 2 bytes to align 'Parent' [-Wpadded]
  void                       *Parent;                                                          /*!< Parent object state                    */ 
                              ^
C:/Users/User/AppData/Local/Arm/Packs/Keil/STM32F4xx_DFP/2.17.1/Drivers/STM32F4xx_HAL_Driver/Src/stm32f4xx_hal_spi.c(839): warning: cast from 'uint8_t *' (aka 'unsigned char *') to 'uint16_t *' (aka 'unsigned short *') increases required alignment from 1 to 2 [-Wcast-align]
      hspi->Instance->DR = *((uint16_t *)hspi->pTxBuffPtr);
                             ^~~~~~~~~~~~~~~~~~~~~~~~~~~~
C:/Users/User/AppData/Local/Arm/Packs/Keil/STM32F4xx_DFP/2.17.1/Drivers/STM32F4xx_HAL_Driver/Src/stm32f4xx_hal_spi.c(849): warning: cast from 'uint8_t *' (aka 'unsigned char *') to 'uint16_t *' (aka 'unsigned short *') increases required alignment from 1 to 2 [-Wcast-align]
        hspi->Instance->DR = *((uint16_t *)hspi->pTxBuffPtr);
                               ^~~~~~~~~~~~~~~~~~~~~~~~~~~~
C:/Users/User/AppData/Local/Arm/Packs/Keil/STM32F4xx_DFP/2.17.1/Drivers/STM32F4xx_HAL_Driver/Src/stm32f4xx_hal_spi.c(1039): warning: cast from 'uint8_t *' (aka 'unsigned char *') to 'uint16_t *' (aka 'unsigned short *') increases required alignment from 1 to 2 [-Wcast-align]
        *((uint16_t *)hspi->pRxBuffPtr) = (uint16_t)hspi->Instance->DR;
          ^~~~~~~~~~~~~~~~~~~~~~~~~~~~
C:/Users/User/AppData/Local/Arm/Packs/Keil/STM32F4xx_DFP/2.17.1/Drivers/STM32F4xx_HAL_Driver/Src/stm32f4xx_hal_spi.c(1073): warning: cast from 'uint8_t *' (aka 'unsigned char *') to 'uint16_t *' (aka 'unsigned short *') increases required alignment from 1 to 2 [-Wcast-align]
      *((uint16_t *)hspi->pRxBuffPtr) = (uint16_t)hspi->Instance->DR;
        ^~~~~~~~~~~~~~~~~~~~~~~~~~~~
C:/Users/User/AppData/Local/Arm/Packs/Keil/STM32F4xx_DFP/2.17.1/Drivers/STM32F4xx_HAL_Driver/Src/stm32f4xx_hal_spi.c(1213): warning: cast from 'uint8_t *' (aka 'unsigned char *') to 'uint16_t *' (aka 'unsigned short *') increases required alignment from 1 to 2 [-Wcast-align]
      hspi->Instance->DR = *((uint16_t *)hspi->pTxBuffPtr);
                             ^~~~~~~~~~~~~~~~~~~~~~~~~~~~
C:/Users/User/AppData/Local/Arm/Packs/Keil/STM32F4xx_DFP/2.17.1/Drivers/STM32F4xx_HAL_Driver/Src/stm32f4xx_hal_spi.c(1222): warning: cast from 'uint8_t *' (aka 'unsigned char *') to 'uint16_t *' (aka 'unsigned short *') increases required alignment from 1 to 2 [-Wcast-align]
        hspi->Instance->DR = *((uint16_t *)hspi->pTxBuffPtr);
                               ^~~~~~~~~~~~~~~~~~~~~~~~~~~~
C:/Users/User/AppData/Local/Arm/Packs/Keil/STM32F4xx_DFP/2.17.1/Drivers/STM32F4xx_HAL_Driver/Src/stm32f4xx_hal_spi.c(1240): warning: cast from 'uint8_t *' (aka 'unsigned char *') to 'uint16_t *' (aka 'unsigned short *') increases required alignment from 1 to 2 [-Wcast-align]
        *((uint16_t *)hspi->pRxBuffPtr) = (uint16_t)hspi->Instance->DR;
          ^~~~~~~~~~~~~~~~~~~~~~~~~~~~
C:/Users/User/AppData/Local/Arm/Packs/Keil/STM32F4xx_DFP/2.17.1/Drivers/STM32F4xx_HAL_Driver/Src/stm32f4xx_hal_spi.c(1285): warning: implicit conversion loses integer precision: 'volatile uint32_t' (aka 'volatile unsigned int') to 'uint8_t' (aka 'unsigned char') [-Wimplicit-int-conversion]
        (*(uint8_t *)hspi->pRxBuffPtr) = hspi->Instance->DR;
                                       ~ ~~~~~~~~~~~~~~~~^~
C:/Users/User/AppData/Local/Arm/Packs/Keil/STM32F4xx_DFP/2.17.1/Drivers/STM32F4xx_HAL_Driver/Src/stm32f4xx_hal_spi.c(3222): warning: cast from 'uint8_t *' (aka 'unsigned char *') to 'uint16_t *' (aka 'unsigned short *') increases required alignment from 1 to 2 [-Wcast-align]
  *((uint16_t *)hspi->pRxBuffPtr) = (uint16_t)(hspi->Instance->DR);
    ^~~~~~~~~~~~~~~~~~~~~~~~~~~~
C:/Users/User/AppData/Local/Arm/Packs/Keil/STM32F4xx_DFP/2.17.1/Drivers/STM32F4xx_HAL_Driver/Src/stm32f4xx_hal_spi.c(3278): warning: cast from 'uint8_t *' (aka 'unsigned char *') to 'uint16_t *' (aka 'unsigned short *') increases required alignment from 1 to 2 [-Wcast-align]
  hspi->Instance->DR = *((uint16_t *)hspi->pTxBuffPtr);
                         ^~~~~~~~~~~~~~~~~~~~~~~~~~~~
C:/Users/User/AppData/Local/Arm/Packs/Keil/STM32F4xx_DFP/2.17.1/Drivers/STM32F4xx_HAL_Driver/Src/stm32f4xx_hal_spi.c(3393): warning: cast from 'uint8_t *' (aka 'unsigned char *') to 'uint16_t *' (aka 'unsigned short *') increases required alignment from 1 to 2 [-Wcast-align]
  *((uint16_t *)hspi->pRxBuffPtr) = (uint16_t)(hspi->Instance->DR);
    ^~~~~~~~~~~~~~~~~~~~~~~~~~~~
C:/Users/User/AppData/Local/Arm/Packs/Keil/STM32F4xx_DFP/2.17.1/Drivers/STM32F4xx_HAL_Driver/Src/stm32f4xx_hal_spi.c(3452): warning: cast from 'uint8_t *' (aka 'unsigned char *') to 'uint16_t *' (aka 'unsigned short *') increases required alignment from 1 to 2 [-Wcast-align]
  hspi->Instance->DR = *((uint16_t *)hspi->pTxBuffPtr);
                         ^~~~~~~~~~~~~~~~~~~~~~~~~~~~
14 warnings generated.
compiling stm32f4xx_hal_spi.c...
linking...
Program Size: Code=2736 RO-data=424 RW-data=12 ZI-data=1728  
".\Objects\spi_interrupt.axf" - 0 Error(s), 30 Warning(s).

<h2>Software Packages used:</h2>

Package Vendor: ARM
                http://www.keil.com/pack/ARM.CMSIS.5.9.0.pack
                ARM.CMSIS.5.9.0
                CMSIS (Common Microcontroller Software Interface Standard)
   * Component: CORE Version: 5.6.0

Package Vendor: Keil
                https://www.keil.com/pack/Keil.STM32F4xx_DFP.2.17.1.pack
                Keil.STM32F4xx_DFP.2.17.1
                STMicroelectronics STM32F4 Series Device Support, Drivers and Examples
   * Component: STM32Cube Framework Version: 1.0.0
   * Component: Classic Version: 1.8.1
   * Component: Common Version: 1.8.1
   * Component: Cortex Version: 1.8.1
   * Component: DMA Version: 1.8.1
   * Component: GPIO Version: 1.8.1
   * Component: PWR Version: 1.8.1
   * Component: RCC Version: 1.8.1
   * Component: SPI Version: 1.8.1
   * Component: Startup Version: 2.6.3

<h2>Collection of Component include folders:</h2>
  .\RTE\Device\STM32F407VGTx
  .\RTE\_Target_1
  C:\Users\User\AppData\Local\Arm\Packs\ARM\CMSIS\5.9.0\CMSIS\Core\Include
  C:\Users\User\AppData\Local\Arm\Packs\Keil\STM32F4xx_DFP\2.17.1\Drivers\CMSIS\Device\ST\STM32F4xx\Include
  C:\Users\User\AppData\Local\Arm\Packs\Keil\STM32F4xx_DFP\2.17.1\Drivers\STM32F4xx_HAL_Driver\Inc

<h2>Collection of Component Files used:</h2>

   * Component: ::Device:STM32Cube Framework:1.0.0 (API)

   * Component: ARM::CMSIS:CORE:5.6.0

   * Component: Keil::Device:STM32Cube Framework:Classic:1.8.1
      Include file:  MDK\Templates\Inc\stm32f4xx_it.h
      Source file:   MDK\Templates\Src\stm32f4xx_it.c
      Include file:  CMSIS\Driver\Config\RTE_Device.h
      Source file:   MDK\Templates_LL\Src\main.c
      Source file:   MDK\Templates\Src\main.c
      Include file:  MDK\Templates_LL\Inc\main.h
      Source file:   MDK\Templates\Src\stm32f4xx_hal_msp.c
      Include file:  MDK\Templates\Inc\main.h
      Include file:  MDK\Templates\Inc\stm32f4xx_hal_conf.h

   * Component: Keil::Device:STM32Cube HAL:Common:1.8.1
      Include file:  Drivers\STM32F4xx_HAL_Driver\Inc\stm32f4xx_hal.h
      Source file:   Drivers\STM32F4xx_HAL_Driver\Src\stm32f4xx_hal.c

   * Component: Keil::Device:STM32Cube HAL:Cortex:1.8.1
      Source file:   Drivers\STM32F4xx_HAL_Driver\Src\stm32f4xx_hal_cortex.c

   * Component: Keil::Device:STM32Cube HAL:DMA:1.8.1
      Source file:   Drivers\STM32F4xx_HAL_Driver\Src\stm32f4xx_hal_dma.c
      Source file:   Drivers\STM32F4xx_HAL_Driver\Src\stm32f4xx_hal_dma_ex.c

   * Component: Keil::Device:STM32Cube HAL:GPIO:1.8.1
      Source file:   Drivers\STM32F4xx_HAL_Driver\Src\stm32f4xx_hal_gpio.c

   * Component: Keil::Device:STM32Cube HAL:PWR:1.8.1
      Source file:   Drivers\STM32F4xx_HAL_Driver\Src\stm32f4xx_hal_pwr_ex.c
      Source file:   Drivers\STM32F4xx_HAL_Driver\Src\stm32f4xx_hal_pwr.c

   * Component: Keil::Device:STM32Cube HAL:RCC:1.8.1
      Source file:   Drivers\STM32F4xx_HAL_Driver\Src\stm32f4xx_hal_rcc.c
      Source file:   Drivers\STM32F4xx_HAL_Driver\Src\stm32f4xx_hal_rcc_ex.c

   * Component: Keil::Device:STM32Cube HAL:SPI:1.8.1
      Source file:   Drivers\STM32F4xx_HAL_Driver\Src\stm32f4xx_hal_spi.c

   * Component: Keil::Device:Startup:2.6.3
      Source file:   MDK\Device\Source\ARM\STM32F40xxx_41xxx_OPT.s
      Source file:   Drivers\CMSIS\Device\ST\STM32F4xx\Source\Templates\arm\startup_stm32f407xx.s
      Source file:   MDK\Device\Source\ARM\STM32F4xx_OTP.s
      Include file:  Drivers\CMSIS\Device\ST\STM32F4xx\Include\stm32f4xx.h
      Source file:   Drivers\CMSIS\Device\ST\STM32F4xx\Source\Templates\system_stm32f4xx.c
Build Time Elapsed:  00:00:02
</pre>
</body>
</html>
