../Core/Src/mpu9250.c:16:13:activate_spi2_mpu	8	static
../Core/Src/mpu9250.c:21:13:deactivate_spi2_mpu	8	static
../Core/Src/mpu9250.c:27:6:ak8963_write_reg	16	static
../Core/Src/mpu9250.c:35:6:ak8963_read_reg	16	static
../Core/Src/mpu9250.c:43:6:mpu_init	16	static
../Core/Src/mpu9250.c:76:6:mpu_write_reg	16	static
../Core/Src/mpu9250.c:84:6:mpu_read_reg	24	static
../Core/Src/mpu9250.c:93:6:mpu_read_sensor	48	static
../Core/Src/mpu9250.c:123:6:normalize_accelero	32	static
../Core/Src/mpu9250.c:140:13:remove_gyro_bias	24	static
